* This is the StructMobWeight report file that is output every time the server starts.
* 
* Spawn Balance Utility (SBU) will use this file ONLY if it is renamed to StructMobWeight.csv.
* Lines starting with '*' are comments and ignored
* It allows you to add and remove mobs and adjust their spawnweights for Structures
* like shipwrecks, nether fortresses, water monuments, etc.
* 
1, dungeons_arise:abandoned_temple, HEADING, header:ignore, 0, 0, 0
2, dungeons_arise:abandoned_temple, MONSTER, minecraft:stray, 1, 1, 1
3, irons_spellbooks:ancient_battleground, HEADING, header:ignore, 0, 0, 0
4, minecraft:ancient_city, HEADING, header:ignore, 0, 0, 0
5, cataclysm:ancient_factory, HEADING, header:ignore, 0, 0, 0
6, minecolonies:asian_colony, HEADING, header:ignore, 0, 0, 0
7, minecolonies:asian_colony, CREATURE, minecraft:cat, 100, 1, 2
8, dungeons_arise:aviary, HEADING, header:ignore, 0, 0, 0
9, dungeons_arise:aviary, MONSTER, minecraft:phantom, 60, 2, 3
10, prodigium_dungeons:awful_dungeon, HEADING, header:ignore, 0, 0, 0
11, dungeons_arise:bandit_towers, HEADING, header:ignore, 0, 0, 0
12, dungeons_arise:bandit_village, HEADING, header:ignore, 0, 0, 0
13, minecraft:bastion_remnant, HEADING, header:ignore, 0, 0, 0
14, dungeons_arise:bathhouse, HEADING, header:ignore, 0, 0, 0
15, valhelsia_structures:big_tree, HEADING, header:ignore, 0, 0, 0
16, prodigium_dungeons:blossom_arena, HEADING, header:ignore, 0, 0, 0
17, aether:bronze_dungeon, HEADING, header:ignore, 0, 0, 0
18, minecraft:buried_treasure, HEADING, header:ignore, 0, 0, 0
19, cataclysm:burning_arena, HEADING, header:ignore, 0, 0, 0
20, terrariastructures:cabin_large, HEADING, header:ignore, 0, 0, 0
21, terrariastructures:cabin_medium, HEADING, header:ignore, 0, 0, 0
22, terrariastructures:cabin_small, HEADING, header:ignore, 0, 0, 0
23, minecolonies:caledonia_colony, HEADING, header:ignore, 0, 0, 0
24, minecolonies:caledonia_colony, CREATURE, minecraft:cat, 100, 1, 2
25, valhelsia_structures:castle, HEADING, header:ignore, 0, 0, 0
26, valhelsia_structures:castle_ruin, HEADING, header:ignore, 0, 0, 0
27, bygonenether:catacomb, HEADING, header:ignore, 0, 0, 0
28, bygonenether:catacomb, MONSTER, minecraft:magma_cube, 1, 1, 1
29, irons_spellbooks:catacombs, HEADING, header:ignore, 0, 0, 0
30, irons_spellbooks:catacombs, MONSTER, irons_spellbooks:catacombs_zombie, 10, 1, 1
31, irons_spellbooks:catacombs, MONSTER, minecraft:skeleton, 5, 1, 1
32, irons_spellbooks:catacombs, MONSTER, irons_spellbooks:necromancer, 2, 1, 1
33, dungeons_arise:ceryneian_hind, HEADING, header:ignore, 0, 0, 0
34, bygonenether:citadel, HEADING, header:ignore, 0, 0, 0
35, bygonenether:citadel, MONSTER, bygonenether:warped_enderman, 1, 1, 1
36, bygonenether:citadel, MONSTER, minecraft:enderman, 1, 1, 1
37, friendsandfoes:citadel, HEADING, header:ignore, 0, 0, 0
38, friendsandfoes:citadel, MONSTER, minecraft:blaze, 1, 1, 2
39, born_in_chaos_v1:clown_caravan_plains, HEADING, header:ignore, 0, 0, 0
40, born_in_chaos_v1:clown_caravan_savanna, HEADING, header:ignore, 0, 0, 0
41, born_in_chaos_v1:clown_caravan_taiga, HEADING, header:ignore, 0, 0, 0
42, dungeons_arise:coliseum, HEADING, header:ignore, 0, 0, 0
43, minecolonies:colonial_colony, HEADING, header:ignore, 0, 0, 0
44, minecolonies:colonial_colony, CREATURE, minecraft:cat, 100, 1, 2
45, cataclysm:cursed_pyramid, HEADING, header:ignore, 0, 0, 0
46, born_in_chaos_v1:dark_tower_forest, HEADING, header:ignore, 0, 0, 0
47, born_in_chaos_v1:dark_tower_plain, HEADING, header:ignore, 0, 0, 0
48, born_in_chaos_v1:dark_tower_taiga, HEADING, header:ignore, 0, 0, 0
49, valhelsia_structures:deep_spawner_room, HEADING, header:ignore, 0, 0, 0
50, terrariastructures:desert_cabin_large, HEADING, header:ignore, 0, 0, 0
51, terrariastructures:desert_cabin_medium, HEADING, header:ignore, 0, 0, 0
52, terrariastructures:desert_cabin_small, HEADING, header:ignore, 0, 0, 0
53, valhelsia_structures:desert_house, HEADING, header:ignore, 0, 0, 0
54, terralith:desert_outpost, HEADING, header:ignore, 0, 0, 0
55, terralith:desert_outpost, MONSTER, minecraft:pillager, 1, 1, 1
56, minecraft:desert_pyramid, HEADING, header:ignore, 0, 0, 0
57, betterdeserttemples:desert_temple, HEADING, header:ignore, 0, 0, 0
58, betterdeserttemples:desert_temple, MONSTER, minecraft:husk, 100, 10, 32
59, betterdeserttemples:desert_temple, CREATURE, minecraft:cat, 100, 4, 4
60, betterdeserttemples:desert_temple, CREATURE, minecraft:rabbit, 100, 4, 4
61, minecolonies:desertoasis_colony, HEADING, header:ignore, 0, 0, 0
62, minecolonies:desertoasis_colony, CREATURE, minecraft:cat, 100, 1, 2
63, minecraft:end_city, HEADING, header:ignore, 0, 0, 0
64, minecraft:end_city, MONSTER, alexsmobs:mimicube, 40, 1, 3
65, dungeons_plus:end_ruins, HEADING, header:ignore, 0, 0, 0
66, irons_spellbooks:evoker_fort, HEADING, header:ignore, 0, 0, 0
67, irons_spellbooks:evoker_fort, MONSTER, minecraft:pillager, 10, 2, 3
68, irons_spellbooks:evoker_fort, MONSTER, minecraft:vindicator, 5, 4, 4
69, born_in_chaos_v1:farm, HEADING, header:ignore, 0, 0, 0
70, born_in_chaos_v1:firewell, HEADING, header:ignore, 0, 0, 0
71, dungeons_arise:fishing_hut, HEADING, header:ignore, 0, 0, 0
72, valhelsia_structures:forge, HEADING, header:ignore, 0, 0, 0
73, terralith:fortified_desert_village, HEADING, header:ignore, 0, 0, 0
74, terralith:fortified_village, HEADING, header:ignore, 0, 0, 0
75, minecraft:fortress, HEADING, header:ignore, 0, 0, 0
76, minecraft:fortress, MONSTER, minecraft:blaze, 10, 2, 3
77, minecraft:fortress, MONSTER, minecraft:zombified_piglin, 5, 4, 4
78, minecraft:fortress, MONSTER, minecraft:wither_skeleton, 8, 5, 5
79, minecraft:fortress, MONSTER, minecraft:skeleton, 2, 5, 5
80, minecraft:fortress, MONSTER, minecraft:magma_cube, 3, 4, 4
81, minecraft:fortress, MONSTER, cataclysm:ignited_berserker, 1, 1, 1
82, dungeons_arise:foundry, HEADING, header:ignore, 0, 0, 0
83, prodigium_dungeons:frostmaw_cavern, HEADING, header:ignore, 0, 0, 0
84, mowziesmobs:frostmaw_spawn, HEADING, header:ignore, 0, 0, 0
85, luminous_nether:fungal_portal_1, HEADING, header:ignore, 0, 0, 0
86, bosses_of_mass_destruction:gauntlet_arena, HEADING, header:ignore, 0, 0, 0
87, dungeons_arise:giant_mushroom, HEADING, header:ignore, 0, 0, 0
88, terralith:glacial_hut, HEADING, header:ignore, 0, 0, 0
89, aether:gold_dungeon, HEADING, header:ignore, 0, 0, 0
90, born_in_chaos_v1:grave_darktitan, HEADING, header:ignore, 0, 0, 0
91, born_in_chaos_v1:grave_petasi, HEADING, header:ignore, 0, 0, 0
92, dungeons_arise:greenwood_pub, HEADING, header:ignore, 0, 0, 0
93, dungeons_arise:heavenly_challenger, HEADING, header:ignore, 0, 0, 0
94, dungeons_arise:heavenly_conqueror, HEADING, header:ignore, 0, 0, 0
95, dungeons_arise:heavenly_rider, HEADING, header:ignore, 0, 0, 0
96, prodigium_dungeons:house, HEADING, header:ignore, 0, 0, 0
97, terrariastructures:ice_cabin_large, HEADING, header:ignore, 0, 0, 0
98, terrariastructures:ice_cabin_medium, HEADING, header:ignore, 0, 0, 0
99, terrariastructures:ice_cabin_small, HEADING, header:ignore, 0, 0, 0
100, friendsandfoes:iceologer_cabin, HEADING, header:ignore, 0, 0, 0
101, friendsandfoes:iceologer_cabin, MONSTER, friendsandfoes:iceologer, 1, 1, 1
102, prodigium_dungeons:icy_temple, HEADING, header:ignore, 0, 0, 0
103, minecraft:igloo, HEADING, header:ignore, 0, 0, 0
104, terralith:igloo, HEADING, header:ignore, 0, 0, 0
105, dungeons_arise:illager_campsite, HEADING, header:ignore, 0, 0, 0
106, dungeons_arise:illager_corsair, HEADING, header:ignore, 0, 0, 0
107, dungeons_arise:illager_fort, HEADING, header:ignore, 0, 0, 0
108, dungeons_arise:illager_galley, HEADING, header:ignore, 0, 0, 0
109, dungeons_arise:illager_windmill, HEADING, header:ignore, 0, 0, 0
110, friendsandfoes:illusioner_shack, HEADING, header:ignore, 0, 0, 0
111, friendsandfoes:illusioner_shack, MONSTER, minecraft:illusioner, 1, 1, 1
112, friendsandfoes:illusioner_training_grounds, HEADING, header:ignore, 0, 0, 0
113, friendsandfoes:illusioner_training_grounds, MONSTER, minecraft:illusioner, 1, 1, 1
114, friendsandfoes:illusioner_training_grounds, MONSTER, minecraft:pillager, 2, 1, 2
115, irons_spellbooks:impaled_icebreaker, HEADING, header:ignore, 0, 0, 0
116, minecolonies:incan_colony, HEADING, header:ignore, 0, 0, 0
117, minecolonies:incan_colony, CREATURE, minecraft:cat, 100, 1, 2
118, born_in_chaos_v1:infernal_pumpkin, HEADING, header:ignore, 0, 0, 0
119, dungeons_arise:infested_temple, HEADING, header:ignore, 0, 0, 0
120, terrariastructures:jungle_cabin_large, HEADING, header:ignore, 0, 0, 0
121, terrariastructures:jungle_cabin_medium, HEADING, header:ignore, 0, 0, 0
122, terrariastructures:jungle_cabin_small, HEADING, header:ignore, 0, 0, 0
123, minecraft:jungle_pyramid, HEADING, header:ignore, 0, 0, 0
124, dungeons_arise:jungle_tree_house, HEADING, header:ignore, 0, 0, 0
125, dungeons_arise:keep_kayra, HEADING, header:ignore, 0, 0, 0
126, prodigium_dungeons:keeping_castle, HEADING, header:ignore, 0, 0, 0
127, aether:large_aercloud, HEADING, header:ignore, 0, 0, 0
128, dungeons_plus:leviathan, HEADING, header:ignore, 0, 0, 0
129, dungeons_plus:leviathan, MONSTER, minecraft:husk, 1, 1, 4
130, bosses_of_mass_destruction:lich_tower, HEADING, header:ignore, 0, 0, 0
131, dungeons_arise:lighthouse, HEADING, header:ignore, 0, 0, 0
132, terrariastructures:living_tree, HEADING, header:ignore, 0, 0, 0
133, minecolonies:lostmesacity_colony, HEADING, header:ignore, 0, 0, 0
134, minecolonies:lostmesacity_colony, CREATURE, minecraft:cat, 100, 1, 2
135, terralith:mage_complex, HEADING, header:ignore, 0, 0, 0
136, terralith:mage_tower, HEADING, header:ignore, 0, 0, 0
137, terralith:mage_tower_autumn, HEADING, header:ignore, 0, 0, 0
138, terralith:mage_tower_spring, HEADING, header:ignore, 0, 0, 0
139, terralith:mage_tower_summer, HEADING, header:ignore, 0, 0, 0
140, terralith:mage_tower_winter, HEADING, header:ignore, 0, 0, 0
141, irons_spellbooks:mangrove_hut, HEADING, header:ignore, 0, 0, 0
142, minecraft:mansion, HEADING, header:ignore, 0, 0, 0
143, dungeons_arise:mechanical_nest, HEADING, header:ignore, 0, 0, 0
144, minecolonies:medieval_birch_colony, HEADING, header:ignore, 0, 0, 0
145, minecolonies:medieval_birch_colony, CREATURE, minecraft:cat, 100, 1, 2
146, minecolonies:medieval_dark_oak_colony, HEADING, header:ignore, 0, 0, 0
147, minecolonies:medieval_dark_oak_colony, CREATURE, minecraft:cat, 100, 1, 2
148, minecolonies:medieval_oak_colony, HEADING, header:ignore, 0, 0, 0
149, minecolonies:medieval_oak_colony, CREATURE, minecraft:cat, 100, 1, 2
150, minecolonies:medieval_spruce_colony, HEADING, header:ignore, 0, 0, 0
151, minecolonies:medieval_spruce_colony, CREATURE, minecraft:cat, 100, 1, 2
152, dungeons_arise:merchant_campsite, HEADING, header:ignore, 0, 0, 0
153, minecraft:mineshaft, HEADING, header:ignore, 0, 0, 0
154, minecraft:mineshaft, AMBIENT, alexsmobs:underminer, 50, 1, 1
155, bettermineshafts:mineshaft_acacia, HEADING, header:ignore, 0, 0, 0
156, bettermineshafts:mineshaft_acacia, AMBIENT, alexsmobs:underminer, 50, 1, 1
157, bettermineshafts:mineshaft_desert, HEADING, header:ignore, 0, 0, 0
158, bettermineshafts:mineshaft_desert, AMBIENT, alexsmobs:underminer, 50, 1, 1
159, bettermineshafts:mineshaft_dripstone, HEADING, header:ignore, 0, 0, 0
160, bettermineshafts:mineshaft_dripstone, AMBIENT, alexsmobs:underminer, 50, 1, 1
161, bettermineshafts:mineshaft_ice, HEADING, header:ignore, 0, 0, 0
162, bettermineshafts:mineshaft_ice, AMBIENT, alexsmobs:underminer, 50, 1, 1
163, bettermineshafts:mineshaft_jungle, HEADING, header:ignore, 0, 0, 0
164, bettermineshafts:mineshaft_jungle, AMBIENT, alexsmobs:underminer, 50, 1, 1
165, bettermineshafts:mineshaft_lush, HEADING, header:ignore, 0, 0, 0
166, bettermineshafts:mineshaft_lush, AMBIENT, alexsmobs:underminer, 50, 1, 1
167, bettermineshafts:mineshaft_mesa, HEADING, header:ignore, 0, 0, 0
168, bettermineshafts:mineshaft_mesa, AMBIENT, alexsmobs:underminer, 50, 1, 1
169, minecraft:mineshaft_mesa, HEADING, header:ignore, 0, 0, 0
170, minecraft:mineshaft_mesa, AMBIENT, alexsmobs:underminer, 50, 1, 1
171, bettermineshafts:mineshaft_mushroom, HEADING, header:ignore, 0, 0, 0
172, bettermineshafts:mineshaft_mushroom, AMBIENT, alexsmobs:underminer, 50, 1, 1
173, bettermineshafts:mineshaft_oak, HEADING, header:ignore, 0, 0, 0
174, bettermineshafts:mineshaft_oak, AMBIENT, alexsmobs:underminer, 50, 1, 1
175, bettermineshafts:mineshaft_overgrown, HEADING, header:ignore, 0, 0, 0
176, bettermineshafts:mineshaft_overgrown, AMBIENT, alexsmobs:underminer, 50, 1, 1
177, bettermineshafts:mineshaft_red_desert, HEADING, header:ignore, 0, 0, 0
178, bettermineshafts:mineshaft_red_desert, AMBIENT, alexsmobs:underminer, 50, 1, 1
179, bettermineshafts:mineshaft_spruce, HEADING, header:ignore, 0, 0, 0
180, bettermineshafts:mineshaft_spruce, AMBIENT, alexsmobs:underminer, 50, 1, 1
181, bettermineshafts:mineshaft_spruce_snowy, HEADING, header:ignore, 0, 0, 0
182, bettermineshafts:mineshaft_spruce_snowy, AMBIENT, alexsmobs:underminer, 50, 1, 1
183, dungeons_arise:mining_system, HEADING, header:ignore, 0, 0, 0
184, dungeons_arise:monastery, HEADING, header:ignore, 0, 0, 0
185, minecraft:monument, HEADING, header:ignore, 0, 0, 0
186, minecraft:monument, MONSTER, minecraft:guardian, 1, 2, 4
187, born_in_chaos_v1:mound_of_hounds, HEADING, header:ignore, 0, 0, 0
188, irons_spellbooks:mountain_tower, HEADING, header:ignore, 0, 0, 0
189, dungeons_arise:mushroom_house, HEADING, header:ignore, 0, 0, 0
190, dungeons_arise:mushroom_mines, HEADING, header:ignore, 0, 0, 0
191, dungeons_arise:mushroom_village, HEADING, header:ignore, 0, 0, 0
192, minecraft:nether_fossil, HEADING, header:ignore, 0, 0, 0
193, minecraft:nether_fossil, MONSTER, alexsmobs:soul_vulture, 30, 1, 1
194, born_in_chaos_v1:observation_tower_forest, HEADING, header:ignore, 0, 0, 0
195, born_in_chaos_v1:observation_tower_plains, HEADING, header:ignore, 0, 0, 0
196, bosses_of_mass_destruction:obsidilith_arena, HEADING, header:ignore, 0, 0, 0
197, betteroceanmonuments:ocean_monument, HEADING, header:ignore, 0, 0, 0
198, betteroceanmonuments:ocean_monument, MONSTER, minecraft:guardian, 1, 2, 4
199, minecraft:ocean_ruin_cold, HEADING, header:ignore, 0, 0, 0
200, minecraft:ocean_ruin_warm, HEADING, header:ignore, 0, 0, 0
201, bygonenether:piglin_manor, HEADING, header:ignore, 0, 0, 0
202, bygonenether:piglin_manor, MONSTER, minecraft:piglin, 2, 1, 1
203, bygonenether:piglin_manor, MONSTER, bygonenether:piglin_hunter, 1, 1, 1
204, minecraft:pillager_outpost, HEADING, header:ignore, 0, 0, 0
205, minecraft:pillager_outpost, MONSTER, minecraft:pillager, 1, 1, 1
206, dungeons_arise:plague_asylum, HEADING, header:ignore, 0, 0, 0
207, valhelsia_structures:player_house, HEADING, header:ignore, 0, 0, 0
208, irons_spellbooks:pyromancer_tower, HEADING, header:ignore, 0, 0, 0
209, dungeons_plus:reanimated_ruins_frozen, HEADING, header:ignore, 0, 0, 0
210, dungeons_plus:reanimated_ruins_mesa, HEADING, header:ignore, 0, 0, 0
211, dungeons_plus:reanimated_ruins_mossy, HEADING, header:ignore, 0, 0, 0
212, terralith:rubble_desert, HEADING, header:ignore, 0, 0, 0
213, terralith:rubble_forest, HEADING, header:ignore, 0, 0, 0
214, terralith:rubble_jungle, HEADING, header:ignore, 0, 0, 0
215, terralith:rubble_mesa, HEADING, header:ignore, 0, 0, 0
216, terralith:rubble_mountain, HEADING, header:ignore, 0, 0, 0
217, terralith:rubble_taiga, HEADING, header:ignore, 0, 0, 0
218, cataclysm:ruined_citadel, HEADING, header:ignore, 0, 0, 0
219, cataclysm:ruined_citadel, MONSTER, cataclysm:endermaptera, 3, 1, 1
220, terrariastructures:ruined_houses, HEADING, header:ignore, 0, 0, 0
221, aether:ruined_portal, HEADING, header:ignore, 0, 0, 0
222, minecraft:ruined_portal, HEADING, header:ignore, 0, 0, 0
223, aether:ruined_portal_aether, HEADING, header:ignore, 0, 0, 0
224, aether:ruined_portal_desert, HEADING, header:ignore, 0, 0, 0
225, minecraft:ruined_portal_desert, HEADING, header:ignore, 0, 0, 0
226, aether:ruined_portal_jungle, HEADING, header:ignore, 0, 0, 0
227, minecraft:ruined_portal_jungle, HEADING, header:ignore, 0, 0, 0
228, aether:ruined_portal_mountain, HEADING, header:ignore, 0, 0, 0
229, minecraft:ruined_portal_mountain, HEADING, header:ignore, 0, 0, 0
230, minecraft:ruined_portal_nether, HEADING, header:ignore, 0, 0, 0
231, minecraft:ruined_portal_ocean, HEADING, header:ignore, 0, 0, 0
232, aether:ruined_portal_swamp, HEADING, header:ignore, 0, 0, 0
233, minecraft:ruined_portal_swamp, HEADING, header:ignore, 0, 0, 0
234, dungeons_arise:scorched_mines, HEADING, header:ignore, 0, 0, 0
235, prodigium_dungeons:shelterer_dungeon, HEADING, header:ignore, 0, 0, 0
236, minecraft:shipwreck, HEADING, header:ignore, 0, 0, 0
237, minecraft:shipwreck, MONSTER, alexsmobs:skelewag, 15, 1, 2
238, minecraft:shipwreck_beached, HEADING, header:ignore, 0, 0, 0
239, dungeons_arise:shiraz_palace, HEADING, header:ignore, 0, 0, 0
240, minecolonies:shire_colony, HEADING, header:ignore, 0, 0, 0
241, minecolonies:shire_colony, CREATURE, minecraft:cat, 100, 1, 2
242, aether:silver_dungeon, HEADING, header:ignore, 0, 0, 0
243, betterdungeons:skeleton_dungeon, HEADING, header:ignore, 0, 0, 0
244, betterdungeons:skeleton_dungeon, MONSTER, minecraft:skeleton, 100, 4, 15
245, dungeons_arise:small_blimp, HEADING, header:ignore, 0, 0, 0
246, betterdungeons:small_dungeon, HEADING, header:ignore, 0, 0, 0
247, betterdungeons:small_nether_dungeon, HEADING, header:ignore, 0, 0, 0
248, dungeons_arise:small_prairie_house, HEADING, header:ignore, 0, 0, 0
249, terrawhips_and_more:snowbreak, HEADING, header:ignore, 0, 0, 0
250, dungeons_plus:snowy_temple, HEADING, header:ignore, 0, 0, 0
251, dungeons_plus:snowy_temple, MONSTER, minecraft:stray, 1, 1, 4
252, cataclysm:soul_black_smith, HEADING, header:ignore, 0, 0, 0
253, dungeons_plus:soul_prison, HEADING, header:ignore, 0, 0, 0
254, dungeons_plus:soul_prison, MONSTER, minecraft:skeleton, 5, 1, 4
255, dungeons_plus:soul_prison, MONSTER, minecraft:ghast, 1, 1, 2
256, valhelsia_structures:spawner_dungeon, HEADING, header:ignore, 0, 0, 0
257, valhelsia_structures:spawner_room, HEADING, header:ignore, 0, 0, 0
258, betterdungeons:spider_dungeon, HEADING, header:ignore, 0, 0, 0
259, betterdungeons:spider_dungeon, MONSTER, minecraft:spider, 100, 4, 15
260, betterdungeons:spider_dungeon, MONSTER, minecraft:cave_spider, 50, 4, 8
261, terralith:spire, HEADING, header:ignore, 0, 0, 0
262, betterstrongholds:stronghold, HEADING, header:ignore, 0, 0, 0
263, minecraft:stronghold, HEADING, header:ignore, 0, 0, 0
264, cataclysm:sunken_city, HEADING, header:ignore, 0, 0, 0
265, minecraft:swamp_hut, HEADING, header:ignore, 0, 0, 0
266, minecraft:swamp_hut, MONSTER, minecraft:witch, 1, 1, 1
267, minecraft:swamp_hut, CREATURE, minecraft:cat, 1, 1, 1
268, prodigium_dungeons:the_theatre, HEADING, header:ignore, 0, 0, 0
269, conjurer_illager:theatre, HEADING, header:ignore, 0, 0, 0
270, dungeons_arise:thornborn_towers, HEADING, header:ignore, 0, 0, 0
271, dungeons_plus:tower, HEADING, header:ignore, 0, 0, 0
272, valhelsia_structures:tower_ruin, HEADING, header:ignore, 0, 0, 0
273, minecraft:trail_ruins, HEADING, header:ignore, 0, 0, 0
274, piglinproliferation:traveler_camp, HEADING, header:ignore, 0, 0, 0
275, piglinproliferation:traveler_camp_gathering, HEADING, header:ignore, 0, 0, 0
276, piglinproliferation:traveler_soul_camp, HEADING, header:ignore, 0, 0, 0
277, dungeons_arise:typhon, HEADING, header:ignore, 0, 0, 0
278, mowziesmobs:umvuthana_grove, HEADING, header:ignore, 0, 0, 0
279, dungeons_arise:undead_pirate_ship, HEADING, header:ignore, 0, 0, 0
280, terralith:underground/frosted_dungeon, HEADING, header:ignore, 0, 0, 0
281, terralith:underground/giant_bee_hive, HEADING, header:ignore, 0, 0, 0
282, terralith:underground/mining_outpost, HEADING, header:ignore, 0, 0, 0
283, terralith:underground/oak_cabin, HEADING, header:ignore, 0, 0, 0
284, terralith:underground/old_refinery, HEADING, header:ignore, 0, 0, 0
285, terralith:underground/sunken_tower, HEADING, header:ignore, 0, 0, 0
286, terralith:underground/witch_hut, HEADING, header:ignore, 0, 0, 0
287, terralith:underground_cabin, HEADING, header:ignore, 0, 0, 0
288, terralith:valley_lodge, HEADING, header:ignore, 0, 0, 0
289, minecraft:village_desert, HEADING, header:ignore, 0, 0, 0
290, minecraft:village_plains, HEADING, header:ignore, 0, 0, 0
291, minecraft:village_savanna, HEADING, header:ignore, 0, 0, 0
292, minecraft:village_snowy, HEADING, header:ignore, 0, 0, 0
293, minecraft:village_taiga, HEADING, header:ignore, 0, 0, 0
294, bosses_of_mass_destruction:void_blossom, HEADING, header:ignore, 0, 0, 0
295, dungeons_plus:warped_garden, HEADING, header:ignore, 0, 0, 0
296, dungeons_plus:warped_garden, MONSTER, minecraft:drowned, 1, 1, 4
297, minecolonies:warpednetherlands_colony, HEADING, header:ignore, 0, 0, 0
298, minecolonies:warpednetherlands_colony, CREATURE, minecraft:cat, 100, 1, 2
299, dungeons_arise:wishing_well, HEADING, header:ignore, 0, 0, 0
300, terralith:witch_hut, HEADING, header:ignore, 0, 0, 0
301, terralith:witch_hut, MONSTER, minecraft:witch, 1, 1, 2
302, terralith:witch_hut, CREATURE, minecraft:cat, 1, 1, 1
303, valhelsia_structures:witch_hut, HEADING, header:ignore, 0, 0, 0
304, valhelsia_structures:witch_hut, MONSTER, minecraft:witch, 1, 1, 1
305, valhelsia_structures:witch_hut, CREATURE, minecraft:cat, 1, 1, 1
306, mowziesmobs:wrought_chamber, HEADING, header:ignore, 0, 0, 0
307, betterdungeons:zombie_dungeon, HEADING, header:ignore, 0, 0, 0
308, betterdungeons:zombie_dungeon, MONSTER, minecraft:zombie, 100, 4, 15
